=== 1/5 Counting and sorting n-grams ===
Reading data/split/train.txt
----5---10---15---20---25---30---35---40---45---50---55---60---65---70---75---80---85---90---95--100
****************************************************************************************************
Unigram tokens 1099582 types 54800
=== 2/5 Calculating and sorting adjusted counts ===
Chain sizes: 1:657600 2:104691136 3:196295904 4:314073408 5:458023776
Statistics:
1 54800 D1=0.643189 D2=1.00907 D3+=1.37449
2 457780 D1=0.776445 D2=1.13034 D3+=1.42167
3 857178 D1=0.894677 D2=1.30229 D3+=1.48685
4 991895 D1=0.958604 D2=1.44973 D3+=1.72828
5 1019003 D1=0.964474 D2=1.46739 D3+=1.59692
Memory estimate for binary LM:
type    MB
probing 71 assuming -p 1.5
probing 85 assuming -r models -p 1.5
trie    34 without quantization
trie    18 assuming -q 8 -b 8 quantization 
trie    30 assuming -a 22 array pointer compression
trie    14 assuming -a 22 -q 8 -b 8 array pointer compression and quantization
=== 3/5 Calculating and sorting initial probabilities ===
Chain sizes: 1:657600 2:7324480 3:17143560 4:23805480 5:28532084
=== 4/5 Calculating and writing order-interpolated probabilities ===
Chain sizes: 1:657600 2:7324480 3:17143560 4:23805480 5:28532084
=== 5/5 Writing ARPA model ===
Name:lmplz	VmPeak:1351296 kB	VmRSS:7528 kB	RSSMax:238680 kB	user:1.37858	sys:0.334292	CPU:1.71289	real:1.09775
