=== 1/5 Counting and sorting n-grams ===
Reading data/split/train.txt
----5---10---15---20---25---30---35---40---45---50---55---60---65---70---75---80---85---90---95--100
****************************************************************************************************
Unigram tokens 1099582 types 54800
=== 2/5 Calculating and sorting adjusted counts ===
Chain sizes: 1:657600
Statistics:
1 54800 D1=0.623113 D2=1.00123 D3+=1.38574
Memory estimate for binary LM:
type      kB
probing 2354 assuming -p 1.5
probing 2568 assuming -r models -p 1.5
trie    1598 without quantization
trie    1443 assuming -q 8 -b 8 quantization 
trie    1598 assuming -a 22 array pointer compression
trie    1443 assuming -a 22 -q 8 -b 8 array pointer compression and quantization
=== 3/5 Calculating and sorting initial probabilities ===
Chain sizes: 1:657600
=== 4/5 Calculating and writing order-interpolated probabilities ===
Chain sizes: 1:657600
=== 5/5 Writing ARPA model ===
Name:lmplz	VmPeak:1204820 kB	VmRSS:7124 kB	RSSMax:371984 kB	user:0.055626	sys:0.08698	CPU:0.142626	real:0.156389
