=== 1/5 Counting and sorting n-grams ===
Reading data/split_tagged/train.txt
----5---10---15---20---25---30---35---40---45---50---55---60---65---70---75---80---85---90---95--100
****************************************************************************************************
Unigram tokens 1099582 types 61449
=== 2/5 Calculating and sorting adjusted counts ===
Chain sizes: 1:737388 2:373218944 3:699785536
Statistics:
1 61449 D1=0.644198 D2=0.993034 D3+=1.37751
2 474028 D1=0.782976 D2=1.13069 D3+=1.43207
3 864723 D1=0.874112 D2=1.25661 D3+=1.46279
Memory estimate for binary LM:
type       kB
probing 27870 assuming -p 1.5
probing 30888 assuming -r models -p 1.5
trie    12130 without quantization
trie     6985 assuming -q 8 -b 8 quantization 
trie    11425 assuming -a 22 array pointer compression
trie     6281 assuming -a 22 -q 8 -b 8 array pointer compression and quantization
=== 3/5 Calculating and sorting initial probabilities ===
Chain sizes: 1:737388 2:7584448 3:17294460
=== 4/5 Calculating and writing order-interpolated probabilities ===
Chain sizes: 1:737388 2:7584448 3:17294460
=== 5/5 Writing ARPA model ===
Name:lmplz	VmPeak:1318508 kB	VmRSS:31728 kB	RSSMax:282864 kB	user:0.574204	sys:0.1433	CPU:0.717515	real:0.617478
