=== 1/5 Counting and sorting n-grams ===
Reading data/split_tagged/train.txt
----5---10---15---20---25---30---35---40---45---50---55---60---65---70---75---80---85---90---95--100
****************************************************************************************************
Unigram tokens 1099582 types 61449
=== 2/5 Calculating and sorting adjusted counts ===
Chain sizes: 1:737388 2:182639040 3:342448224 4:547917120
Statistics:
1 61449 D1=0.644198 D2=0.993034 D3+=1.37751
2 474028 D1=0.782976 D2=1.13069 D3+=1.43207
3 864723 D1=0.898182 D2=1.30685 D3+=1.47933
4 994868 D1=0.939478 D2=1.37701 D3+=1.58842
Memory estimate for binary LM:
type    MB
probing 49 assuming -p 1.5
probing 57 assuming -r models -p 1.5
trie    22 without quantization
trie    12 assuming -q 8 -b 8 quantization 
trie    20 assuming -a 22 array pointer compression
trie    10 assuming -a 22 -q 8 -b 8 array pointer compression and quantization
=== 3/5 Calculating and sorting initial probabilities ===
Chain sizes: 1:737388 2:7584448 3:17294460 4:23876832
=== 4/5 Calculating and writing order-interpolated probabilities ===
Chain sizes: 1:737388 2:7584448 3:17294460 4:23876832
=== 5/5 Writing ARPA model ===
Name:lmplz	VmPeak:1334900 kB	VmRSS:7608 kB	RSSMax:258380 kB	user:0.975746	sys:0.232746	CPU:1.2085	real:0.883451
