=== 1/5 Counting and sorting n-grams ===
Reading data/split/train.txt
----5---10---15---20---25---30---35---40---45---50---55---60---65---70---75---80---85---90---95--100
****************************************************************************************************
Unigram tokens 1099582 types 54800
=== 2/5 Calculating and sorting adjusted counts ===
Chain sizes: 1:657600 2:373246688 3:699837568
Statistics:
1 54800 D1=0.643189 D2=1.00907 D3+=1.37449
2 457780 D1=0.776445 D2=1.13034 D3+=1.42167
3 857178 D1=0.869933 D2=1.25279 D3+=1.47055
Memory estimate for binary LM:
type       kB
probing 27188 assuming -p 1.5
probing 30084 assuming -r models -p 1.5
trie    11734 without quantization
trie     6704 assuming -q 8 -b 8 quantization 
trie    11056 assuming -a 22 array pointer compression
trie     6026 assuming -a 22 -q 8 -b 8 array pointer compression and quantization
=== 3/5 Calculating and sorting initial probabilities ===
Chain sizes: 1:657600 2:7324480 3:17143560
=== 4/5 Calculating and writing order-interpolated probabilities ===
Chain sizes: 1:657600 2:7324480 3:17143560
=== 5/5 Writing ARPA model ===
Name:lmplz	VmPeak:1318504 kB	VmRSS:31260 kB	RSSMax:282644 kB	user:0.568424	sys:0.137799	CPU:0.706239	real:0.611514
