=== 1/5 Counting and sorting n-grams ===
Reading data/split_tagged/train.txt
----5---10---15---20---25---30---35---40---45---50---55---60---65---70---75---80---85---90---95--100
****************************************************************************************************
Unigram tokens 1099582 types 61449
=== 2/5 Calculating and sorting adjusted counts ===
Chain sizes: 1:737388
Statistics:
1 61449 D1=0.62135 D2=1.01896 D3+=1.36911
Memory estimate for binary LM:
type      kB
probing 2640 assuming -p 1.5
probing 2880 assuming -r models -p 1.5
trie    1792 without quantization
trie    1619 assuming -q 8 -b 8 quantization 
trie    1792 assuming -a 22 array pointer compression
trie    1619 assuming -a 22 -q 8 -b 8 array pointer compression and quantization
=== 3/5 Calculating and sorting initial probabilities ===
Chain sizes: 1:737388
=== 4/5 Calculating and writing order-interpolated probabilities ===
Chain sizes: 1:737388
=== 5/5 Writing ARPA model ===
Name:lmplz	VmPeak:1213016 kB	VmRSS:7260 kB	RSSMax:372044 kB	user:0.068281	sys:0.083343	CPU:0.151637	real:0.165199
